/home/hello-robot/ament_ws/src/mercer_stretch/install/mercer_stretch/lib/python3.10/site-packages/mercer_stretch/mercer_utils.py
/home/hello-robot/ament_ws/src/mercer_stretch/install/mercer_stretch/lib/python3.10/site-packages/mercer_stretch/__init__.py
/home/hello-robot/ament_ws/src/mercer_stretch/install/mercer_stretch/lib/python3.10/site-packages/mercer_stretch/mercer_node.py
/home/hello-robot/ament_ws/src/mercer_stretch/install/mercer_stretch/lib/python3.10/site-packages/mercer_stretch/aruco_to_nav_pose.py
/home/hello-robot/ament_ws/src/mercer_stretch/install/mercer_stretch/lib/python3.10/site-packages/mercer_stretch/mercer_aruco.py
/home/hello-robot/ament_ws/src/mercer_stretch/install/mercer_stretch/lib/python3.10/site-packages/mercer_stretch/speech_recognition.py
/home/hello-robot/ament_ws/src/mercer_stretch/install/mercer_stretch/lib/python3.10/site-packages/mercer_stretch/save_pointcloud.py
/home/hello-robot/ament_ws/src/mercer_stretch/install/mercer_stretch/lib/python3.10/site-packages/mercer_stretch/align_to_aruco.py
/home/hello-robot/ament_ws/src/mercer_stretch/install/mercer_stretch/lib/python3.10/site-packages/mercer_stretch/mercer_nav.py
/home/hello-robot/ament_ws/src/mercer_stretch/install/mercer_stretch/lib/python3.10/site-packages/mercer_stretch/docking.py
/home/hello-robot/ament_ws/src/mercer_stretch/install/mercer_stretch/lib/python3.10/site-packages/mercer_stretch/mercer_audio.py
/home/hello-robot/ament_ws/src/mercer_stretch/install/mercer_stretch/lib/python3.10/site-packages/mercer_stretch/keyboard_listener.py
/home/hello-robot/ament_ws/src/mercer_stretch/install/mercer_stretch/lib/python3.10/site-packages/mercer_stretch/__pycache__/mercer_utils.cpython-310.pyc
/home/hello-robot/ament_ws/src/mercer_stretch/install/mercer_stretch/lib/python3.10/site-packages/mercer_stretch/__pycache__/__init__.cpython-310.pyc
/home/hello-robot/ament_ws/src/mercer_stretch/install/mercer_stretch/lib/python3.10/site-packages/mercer_stretch/__pycache__/mercer_node.cpython-310.pyc
/home/hello-robot/ament_ws/src/mercer_stretch/install/mercer_stretch/lib/python3.10/site-packages/mercer_stretch/__pycache__/aruco_to_nav_pose.cpython-310.pyc
/home/hello-robot/ament_ws/src/mercer_stretch/install/mercer_stretch/lib/python3.10/site-packages/mercer_stretch/__pycache__/mercer_aruco.cpython-310.pyc
/home/hello-robot/ament_ws/src/mercer_stretch/install/mercer_stretch/lib/python3.10/site-packages/mercer_stretch/__pycache__/speech_recognition.cpython-310.pyc
/home/hello-robot/ament_ws/src/mercer_stretch/install/mercer_stretch/lib/python3.10/site-packages/mercer_stretch/__pycache__/save_pointcloud.cpython-310.pyc
/home/hello-robot/ament_ws/src/mercer_stretch/install/mercer_stretch/lib/python3.10/site-packages/mercer_stretch/__pycache__/align_to_aruco.cpython-310.pyc
/home/hello-robot/ament_ws/src/mercer_stretch/install/mercer_stretch/lib/python3.10/site-packages/mercer_stretch/__pycache__/mercer_nav.cpython-310.pyc
/home/hello-robot/ament_ws/src/mercer_stretch/install/mercer_stretch/lib/python3.10/site-packages/mercer_stretch/__pycache__/docking.cpython-310.pyc
/home/hello-robot/ament_ws/src/mercer_stretch/install/mercer_stretch/lib/python3.10/site-packages/mercer_stretch/__pycache__/mercer_audio.cpython-310.pyc
/home/hello-robot/ament_ws/src/mercer_stretch/install/mercer_stretch/lib/python3.10/site-packages/mercer_stretch/__pycache__/keyboard_listener.cpython-310.pyc
/home/hello-robot/ament_ws/src/mercer_stretch/install/mercer_stretch/share/ament_index/resource_index/packages/mercer_stretch
/home/hello-robot/ament_ws/src/mercer_stretch/install/mercer_stretch/share/mercer_stretch/package.xml
/home/hello-robot/ament_ws/src/mercer_stretch/install/mercer_stretch/share/mercer_stretch/mercer_stretch.urdf
/home/hello-robot/ament_ws/src/mercer_stretch/install/mercer_stretch/share/mercer_stretch/launch/aruco_docking.launch.py
/home/hello-robot/ament_ws/src/mercer_stretch/install/mercer_stretch/share/mercer_stretch/launch/mercer_stretch_rviz.launch.py
/home/hello-robot/ament_ws/src/mercer_stretch/install/mercer_stretch/share/mercer_stretch/launch/mercer_standby.launch.py
/home/hello-robot/ament_ws/src/mercer_stretch/install/mercer_stretch/share/mercer_stretch/launch/aruco.launch.py
/home/hello-robot/ament_ws/src/mercer_stretch/install/mercer_stretch/share/mercer_stretch/launch/mercer_tour.launch.py
/home/hello-robot/ament_ws/src/mercer_stretch/install/mercer_stretch/share/mercer_stretch/launch/keyboard_teleop.launch.py
/home/hello-robot/ament_ws/src/mercer_stretch/install/mercer_stretch/share/mercer_stretch/mercer_stretch.rviz
/home/hello-robot/ament_ws/src/mercer_stretch/install/mercer_stretch/share/mercer_stretch/config/stretch_marker_dict.yaml
/home/hello-robot/ament_ws/src/mercer_stretch/install/mercer_stretch/share/mercer_stretch/config/saved_poses.json
/home/hello-robot/ament_ws/src/mercer_stretch/install/mercer_stretch/lib/python3.10/site-packages/mercer_stretch-0.0.0-py3.10.egg-info/top_level.txt
/home/hello-robot/ament_ws/src/mercer_stretch/install/mercer_stretch/lib/python3.10/site-packages/mercer_stretch-0.0.0-py3.10.egg-info/zip-safe
/home/hello-robot/ament_ws/src/mercer_stretch/install/mercer_stretch/lib/python3.10/site-packages/mercer_stretch-0.0.0-py3.10.egg-info/entry_points.txt
/home/hello-robot/ament_ws/src/mercer_stretch/install/mercer_stretch/lib/python3.10/site-packages/mercer_stretch-0.0.0-py3.10.egg-info/requires.txt
/home/hello-robot/ament_ws/src/mercer_stretch/install/mercer_stretch/lib/python3.10/site-packages/mercer_stretch-0.0.0-py3.10.egg-info/PKG-INFO
/home/hello-robot/ament_ws/src/mercer_stretch/install/mercer_stretch/lib/python3.10/site-packages/mercer_stretch-0.0.0-py3.10.egg-info/dependency_links.txt
/home/hello-robot/ament_ws/src/mercer_stretch/install/mercer_stretch/lib/python3.10/site-packages/mercer_stretch-0.0.0-py3.10.egg-info/SOURCES.txt
/home/hello-robot/ament_ws/src/mercer_stretch/install/mercer_stretch/lib/mercer_stretch/aruco_to_nav_pose
/home/hello-robot/ament_ws/src/mercer_stretch/install/mercer_stretch/lib/mercer_stretch/keyboard_teleop
/home/hello-robot/ament_ws/src/mercer_stretch/install/mercer_stretch/lib/mercer_stretch/mercer_aruco
/home/hello-robot/ament_ws/src/mercer_stretch/install/mercer_stretch/lib/mercer_stretch/mercer_audio
/home/hello-robot/ament_ws/src/mercer_stretch/install/mercer_stretch/lib/mercer_stretch/mercer_nav
/home/hello-robot/ament_ws/src/mercer_stretch/install/mercer_stretch/lib/mercer_stretch/mercer_node
/home/hello-robot/ament_ws/src/mercer_stretch/install/mercer_stretch/lib/mercer_stretch/save_pointcloud
