[1.032s] Invoking command in '/home/hello-robot/ament_ws/src/mercer_stretch/mercer_stretch': PYTHONPATH=/home/hello-robot/ament_ws/src/mercer_stretch/build/mercer_stretch/prefix_override:/usr/lib/python3/dist-packages/colcon_core/task/python/colcon_distutils_commands:/home/hello-robot/ament_ws/src/mercer_stretch/install/mercer_stretch/lib/python3.10/site-packages:${PYTHONPATH} /usr/bin/python3 -W ignore:setup.py install is deprecated -W ignore:easy_install command is deprecated setup.py egg_info --egg-base ../build/mercer_stretch build --build-base /home/hello-robot/ament_ws/src/mercer_stretch/build/mercer_stretch/build install --record /home/hello-robot/ament_ws/src/mercer_stretch/build/mercer_stretch/install.log --single-version-externally-managed install_data
[1.413s] running egg_info
[1.413s] creating ../build/mercer_stretch/mercer_stretch.egg-info
[1.413s] writing ../build/mercer_stretch/mercer_stretch.egg-info/PKG-INFO
[1.414s] writing dependency_links to ../build/mercer_stretch/mercer_stretch.egg-info/dependency_links.txt
[1.414s] writing entry points to ../build/mercer_stretch/mercer_stretch.egg-info/entry_points.txt
[1.414s] writing requirements to ../build/mercer_stretch/mercer_stretch.egg-info/requires.txt
[1.414s] writing top-level names to ../build/mercer_stretch/mercer_stretch.egg-info/top_level.txt
[1.414s] writing manifest file '../build/mercer_stretch/mercer_stretch.egg-info/SOURCES.txt'
[1.473s] writing manifest file '../build/mercer_stretch/mercer_stretch.egg-info/SOURCES.txt'
[1.473s] running build
[1.473s] running build_py
[1.474s] creating /home/hello-robot/ament_ws/src/mercer_stretch/build/mercer_stretch/build
[1.474s] creating /home/hello-robot/ament_ws/src/mercer_stretch/build/mercer_stretch/build/lib
[1.474s] creating /home/hello-robot/ament_ws/src/mercer_stretch/build/mercer_stretch/build/lib/mercer_stretch
[1.474s] copying mercer_stretch/mercer_utils.py -> /home/hello-robot/ament_ws/src/mercer_stretch/build/mercer_stretch/build/lib/mercer_stretch
[1.474s] copying mercer_stretch/__init__.py -> /home/hello-robot/ament_ws/src/mercer_stretch/build/mercer_stretch/build/lib/mercer_stretch
[1.474s] copying mercer_stretch/mercer_node.py -> /home/hello-robot/ament_ws/src/mercer_stretch/build/mercer_stretch/build/lib/mercer_stretch
[1.474s] copying mercer_stretch/aruco_to_nav_pose.py -> /home/hello-robot/ament_ws/src/mercer_stretch/build/mercer_stretch/build/lib/mercer_stretch
[1.474s] copying mercer_stretch/mercer_aruco.py -> /home/hello-robot/ament_ws/src/mercer_stretch/build/mercer_stretch/build/lib/mercer_stretch
[1.475s] copying mercer_stretch/speech_recognition.py -> /home/hello-robot/ament_ws/src/mercer_stretch/build/mercer_stretch/build/lib/mercer_stretch
[1.475s] copying mercer_stretch/save_pointcloud.py -> /home/hello-robot/ament_ws/src/mercer_stretch/build/mercer_stretch/build/lib/mercer_stretch
[1.475s] copying mercer_stretch/align_to_aruco.py -> /home/hello-robot/ament_ws/src/mercer_stretch/build/mercer_stretch/build/lib/mercer_stretch
[1.475s] copying mercer_stretch/mercer_nav.py -> /home/hello-robot/ament_ws/src/mercer_stretch/build/mercer_stretch/build/lib/mercer_stretch
[1.475s] copying mercer_stretch/docking.py -> /home/hello-robot/ament_ws/src/mercer_stretch/build/mercer_stretch/build/lib/mercer_stretch
[1.475s] copying mercer_stretch/mercer_audio.py -> /home/hello-robot/ament_ws/src/mercer_stretch/build/mercer_stretch/build/lib/mercer_stretch
[1.476s] copying mercer_stretch/keyboard_listener.py -> /home/hello-robot/ament_ws/src/mercer_stretch/build/mercer_stretch/build/lib/mercer_stretch
[1.476s] running install
[1.476s] running install_lib
[1.478s] creating /home/hello-robot/ament_ws/src/mercer_stretch/install/mercer_stretch/lib/python3.10/site-packages/mercer_stretch
[1.478s] copying /home/hello-robot/ament_ws/src/mercer_stretch/build/mercer_stretch/build/lib/mercer_stretch/mercer_utils.py -> /home/hello-robot/ament_ws/src/mercer_stretch/install/mercer_stretch/lib/python3.10/site-packages/mercer_stretch
[1.478s] copying /home/hello-robot/ament_ws/src/mercer_stretch/build/mercer_stretch/build/lib/mercer_stretch/__init__.py -> /home/hello-robot/ament_ws/src/mercer_stretch/install/mercer_stretch/lib/python3.10/site-packages/mercer_stretch
[1.478s] copying /home/hello-robot/ament_ws/src/mercer_stretch/build/mercer_stretch/build/lib/mercer_stretch/mercer_node.py -> /home/hello-robot/ament_ws/src/mercer_stretch/install/mercer_stretch/lib/python3.10/site-packages/mercer_stretch
[1.478s] copying /home/hello-robot/ament_ws/src/mercer_stretch/build/mercer_stretch/build/lib/mercer_stretch/aruco_to_nav_pose.py -> /home/hello-robot/ament_ws/src/mercer_stretch/install/mercer_stretch/lib/python3.10/site-packages/mercer_stretch
[1.478s] copying /home/hello-robot/ament_ws/src/mercer_stretch/build/mercer_stretch/build/lib/mercer_stretch/mercer_aruco.py -> /home/hello-robot/ament_ws/src/mercer_stretch/install/mercer_stretch/lib/python3.10/site-packages/mercer_stretch
[1.478s] copying /home/hello-robot/ament_ws/src/mercer_stretch/build/mercer_stretch/build/lib/mercer_stretch/speech_recognition.py -> /home/hello-robot/ament_ws/src/mercer_stretch/install/mercer_stretch/lib/python3.10/site-packages/mercer_stretch
[1.479s] copying /home/hello-robot/ament_ws/src/mercer_stretch/build/mercer_stretch/build/lib/mercer_stretch/save_pointcloud.py -> /home/hello-robot/ament_ws/src/mercer_stretch/install/mercer_stretch/lib/python3.10/site-packages/mercer_stretch
[1.479s] copying /home/hello-robot/ament_ws/src/mercer_stretch/build/mercer_stretch/build/lib/mercer_stretch/align_to_aruco.py -> /home/hello-robot/ament_ws/src/mercer_stretch/install/mercer_stretch/lib/python3.10/site-packages/mercer_stretch
[1.479s] copying /home/hello-robot/ament_ws/src/mercer_stretch/build/mercer_stretch/build/lib/mercer_stretch/mercer_nav.py -> /home/hello-robot/ament_ws/src/mercer_stretch/install/mercer_stretch/lib/python3.10/site-packages/mercer_stretch
[1.479s] copying /home/hello-robot/ament_ws/src/mercer_stretch/build/mercer_stretch/build/lib/mercer_stretch/docking.py -> /home/hello-robot/ament_ws/src/mercer_stretch/install/mercer_stretch/lib/python3.10/site-packages/mercer_stretch
[1.479s] copying /home/hello-robot/ament_ws/src/mercer_stretch/build/mercer_stretch/build/lib/mercer_stretch/mercer_audio.py -> /home/hello-robot/ament_ws/src/mercer_stretch/install/mercer_stretch/lib/python3.10/site-packages/mercer_stretch
[1.479s] copying /home/hello-robot/ament_ws/src/mercer_stretch/build/mercer_stretch/build/lib/mercer_stretch/keyboard_listener.py -> /home/hello-robot/ament_ws/src/mercer_stretch/install/mercer_stretch/lib/python3.10/site-packages/mercer_stretch
[1.480s] byte-compiling /home/hello-robot/ament_ws/src/mercer_stretch/install/mercer_stretch/lib/python3.10/site-packages/mercer_stretch/mercer_utils.py to mercer_utils.cpython-310.pyc
[1.480s] byte-compiling /home/hello-robot/ament_ws/src/mercer_stretch/install/mercer_stretch/lib/python3.10/site-packages/mercer_stretch/__init__.py to __init__.cpython-310.pyc
[1.480s] byte-compiling /home/hello-robot/ament_ws/src/mercer_stretch/install/mercer_stretch/lib/python3.10/site-packages/mercer_stretch/mercer_node.py to mercer_node.cpython-310.pyc
[1.481s] byte-compiling /home/hello-robot/ament_ws/src/mercer_stretch/install/mercer_stretch/lib/python3.10/site-packages/mercer_stretch/aruco_to_nav_pose.py to aruco_to_nav_pose.cpython-310.pyc
[1.482s] byte-compiling /home/hello-robot/ament_ws/src/mercer_stretch/install/mercer_stretch/lib/python3.10/site-packages/mercer_stretch/mercer_aruco.py to mercer_aruco.cpython-310.pyc
[1.486s] byte-compiling /home/hello-robot/ament_ws/src/mercer_stretch/install/mercer_stretch/lib/python3.10/site-packages/mercer_stretch/speech_recognition.py to speech_recognition.cpython-310.pyc
[1.487s] byte-compiling /home/hello-robot/ament_ws/src/mercer_stretch/install/mercer_stretch/lib/python3.10/site-packages/mercer_stretch/save_pointcloud.py to save_pointcloud.cpython-310.pyc
[1.488s] byte-compiling /home/hello-robot/ament_ws/src/mercer_stretch/install/mercer_stretch/lib/python3.10/site-packages/mercer_stretch/align_to_aruco.py to align_to_aruco.cpython-310.pyc
[1.488s] byte-compiling /home/hello-robot/ament_ws/src/mercer_stretch/install/mercer_stretch/lib/python3.10/site-packages/mercer_stretch/mercer_nav.py to mercer_nav.cpython-310.pyc
[1.489s] byte-compiling /home/hello-robot/ament_ws/src/mercer_stretch/install/mercer_stretch/lib/python3.10/site-packages/mercer_stretch/docking.py to docking.cpython-310.pyc
[1.489s] byte-compiling /home/hello-robot/ament_ws/src/mercer_stretch/install/mercer_stretch/lib/python3.10/site-packages/mercer_stretch/mercer_audio.py to mercer_audio.cpython-310.pyc
[1.490s] byte-compiling /home/hello-robot/ament_ws/src/mercer_stretch/install/mercer_stretch/lib/python3.10/site-packages/mercer_stretch/keyboard_listener.py to keyboard_listener.cpython-310.pyc
[1.491s] running install_data
[1.491s] creating /home/hello-robot/ament_ws/src/mercer_stretch/install/mercer_stretch/share/ament_index
[1.491s] creating /home/hello-robot/ament_ws/src/mercer_stretch/install/mercer_stretch/share/ament_index/resource_index
[1.492s] creating /home/hello-robot/ament_ws/src/mercer_stretch/install/mercer_stretch/share/ament_index/resource_index/packages
[1.492s] copying resource/mercer_stretch -> /home/hello-robot/ament_ws/src/mercer_stretch/install/mercer_stretch/share/ament_index/resource_index/packages
[1.492s] copying package.xml -> /home/hello-robot/ament_ws/src/mercer_stretch/install/mercer_stretch/share/mercer_stretch
[1.492s] copying urdf/mercer_stretch.urdf -> /home/hello-robot/ament_ws/src/mercer_stretch/install/mercer_stretch/share/mercer_stretch
[1.492s] creating /home/hello-robot/ament_ws/src/mercer_stretch/install/mercer_stretch/share/mercer_stretch/launch
[1.492s] copying launch/aruco_docking.launch.py -> /home/hello-robot/ament_ws/src/mercer_stretch/install/mercer_stretch/share/mercer_stretch/launch
[1.492s] copying launch/mercer_stretch_rviz.launch.py -> /home/hello-robot/ament_ws/src/mercer_stretch/install/mercer_stretch/share/mercer_stretch/launch
[1.492s] copying launch/mercer_standby.launch.py -> /home/hello-robot/ament_ws/src/mercer_stretch/install/mercer_stretch/share/mercer_stretch/launch
[1.493s] copying launch/aruco.launch.py -> /home/hello-robot/ament_ws/src/mercer_stretch/install/mercer_stretch/share/mercer_stretch/launch
[1.493s] copying launch/mercer_tour.launch.py -> /home/hello-robot/ament_ws/src/mercer_stretch/install/mercer_stretch/share/mercer_stretch/launch
[1.493s] copying launch/keyboard_teleop.launch.py -> /home/hello-robot/ament_ws/src/mercer_stretch/install/mercer_stretch/share/mercer_stretch/launch
[1.493s] copying rviz/mercer_stretch.rviz -> /home/hello-robot/ament_ws/src/mercer_stretch/install/mercer_stretch/share/mercer_stretch
[1.494s] creating /home/hello-robot/ament_ws/src/mercer_stretch/install/mercer_stretch/share/mercer_stretch/config
[1.494s] copying config/stretch_marker_dict.yaml -> /home/hello-robot/ament_ws/src/mercer_stretch/install/mercer_stretch/share/mercer_stretch/config
[1.494s] copying config/saved_poses.json -> /home/hello-robot/ament_ws/src/mercer_stretch/install/mercer_stretch/share/mercer_stretch/config
[1.494s] running install_egg_info
[1.495s] Copying ../build/mercer_stretch/mercer_stretch.egg-info to /home/hello-robot/ament_ws/src/mercer_stretch/install/mercer_stretch/lib/python3.10/site-packages/mercer_stretch-0.0.0-py3.10.egg-info
[1.496s] running install_scripts
[1.516s] Installing aruco_to_nav_pose script to /home/hello-robot/ament_ws/src/mercer_stretch/install/mercer_stretch/lib/mercer_stretch
[1.516s] Installing keyboard_teleop script to /home/hello-robot/ament_ws/src/mercer_stretch/install/mercer_stretch/lib/mercer_stretch
[1.516s] Installing mercer_aruco script to /home/hello-robot/ament_ws/src/mercer_stretch/install/mercer_stretch/lib/mercer_stretch
[1.517s] Installing mercer_audio script to /home/hello-robot/ament_ws/src/mercer_stretch/install/mercer_stretch/lib/mercer_stretch
[1.517s] Installing mercer_nav script to /home/hello-robot/ament_ws/src/mercer_stretch/install/mercer_stretch/lib/mercer_stretch
[1.517s] Installing mercer_node script to /home/hello-robot/ament_ws/src/mercer_stretch/install/mercer_stretch/lib/mercer_stretch
[1.517s] Installing save_pointcloud script to /home/hello-robot/ament_ws/src/mercer_stretch/install/mercer_stretch/lib/mercer_stretch
[1.517s] writing list of installed files to '/home/hello-robot/ament_ws/src/mercer_stretch/build/mercer_stretch/install.log'
[1.546s] Invoked command in '/home/hello-robot/ament_ws/src/mercer_stretch/mercer_stretch' returned '0': PYTHONPATH=/home/hello-robot/ament_ws/src/mercer_stretch/build/mercer_stretch/prefix_override:/usr/lib/python3/dist-packages/colcon_core/task/python/colcon_distutils_commands:/home/hello-robot/ament_ws/src/mercer_stretch/install/mercer_stretch/lib/python3.10/site-packages:${PYTHONPATH} /usr/bin/python3 -W ignore:setup.py install is deprecated -W ignore:easy_install command is deprecated setup.py egg_info --egg-base ../build/mercer_stretch build --build-base /home/hello-robot/ament_ws/src/mercer_stretch/build/mercer_stretch/build install --record /home/hello-robot/ament_ws/src/mercer_stretch/build/mercer_stretch/install.log --single-version-externally-managed install_data
